Ghana_5079_LabelHand.tif
Ghana_895194_LabelHand.tif
Ghana_868803_LabelHand.tif
Ghana_142312_LabelHand.tif
Ghana_234935_LabelHand.tif
Ghana_132163_LabelHand.tif
Ghana_495107_LabelHand.tif
Ghana_124834_LabelHand.tif
Ghana_1033830_LabelHand.tif
Ghana_277_LabelHand.tif
Ghana_308249_LabelHand.tif
India_1050276_LabelHand.tif
India_764946_LabelHand.tif
India_118868_LabelHand.tif
India_533192_LabelHand.tif
India_180633_LabelHand.tif
India_244057_LabelHand.tif
India_691027_LabelHand.tif
India_769408_LabelHand.tif
India_1018317_LabelHand.tif
India_869358_LabelHand.tif
India_164336_LabelHand.tif
India_70352_LabelHand.tif
India_833266_LabelHand.tif
India_1068117_LabelHand.tif
Mekong_1149855_LabelHand.tif
Mekong_977338_LabelHand.tif
Mekong_474783_LabelHand.tif
Mekong_293769_LabelHand.tif
Mekong_1413877_LabelHand.tif
Mekong_98310_LabelHand.tif
Nigeria_31096_LabelHand.tif
Nigeria_984831_LabelHand.tif
Nigeria_1095404_LabelHand.tif
Nigeria_820924_LabelHand.tif
Pakistan_43105_LabelHand.tif
Pakistan_94095_LabelHand.tif
Pakistan_210595_LabelHand.tif
Pakistan_1027214_LabelHand.tif
Pakistan_336228_LabelHand.tif
Pakistan_9684_LabelHand.tif
Paraguay_305760_LabelHand.tif
Paraguay_648632_LabelHand.tif
Paraguay_172476_LabelHand.tif
Paraguay_581976_LabelHand.tif
Paraguay_284928_LabelHand.tif
Paraguay_1019808_LabelHand.tif
Paraguay_76868_LabelHand.tif
Paraguay_252217_LabelHand.tif
Paraguay_205585_LabelHand.tif
Paraguay_7894_LabelHand.tif
Paraguay_896458_LabelHand.tif
Paraguay_657443_LabelHand.tif
Paraguay_934240_LabelHand.tif
Paraguay_153941_LabelHand.tif
Somalia_12849_LabelHand.tif
Somalia_256539_LabelHand.tif
Somalia_61368_LabelHand.tif
Somalia_649376_LabelHand.tif
Somalia_167787_LabelHand.tif
Spain_1199913_LabelHand.tif
Spain_8372658_LabelHand.tif
Spain_7604243_LabelHand.tif
Spain_6537196_LabelHand.tif
Spain_4282030_LabelHand.tif
Spain_8565131_LabelHand.tif
Sri-Lanka_85652_LabelHand.tif
Sri-Lanka_63307_LabelHand.tif
Sri-Lanka_612594_LabelHand.tif
Sri-Lanka_132922_LabelHand.tif
Sri-Lanka_236030_LabelHand.tif
Sri-Lanka_31559_LabelHand.tif
Sri-Lanka_236628_LabelHand.tif
Sri-Lanka_101973_LabelHand.tif
Sri-Lanka_321316_LabelHand.tif
USA_826217_LabelHand.tif
USA_741073_LabelHand.tif
USA_275372_LabelHand.tif
USA_19225_LabelHand.tif
USA_366607_LabelHand.tif
USA_308150_LabelHand.tif
USA_1039203_LabelHand.tif
USA_251323_LabelHand.tif
USA_1082482_LabelHand.tif
USA_225017_LabelHand.tif
USA_986268_LabelHand.tif
USA_646878_LabelHand.tif
USA_761032_LabelHand.tif
USA_741178_LabelHand.tif
